Testing Gemini API via AXIOS...
Response Status: 200
Response Data: {
  "candidates": [
    {
      "content": {
        "parts": [
          {
            "text": "That's wonderful to hear!\n\nWhat's the good news, or how can I assist you further?"
          }
        ],
        "role": "model"
      },
      "finishReason": "STOP",
      "index": 0
    }
  ],
  "usageMetadata": {
    "promptTokenCount": 1,
    "candidatesTokenCount": 23,
    "totalTokenCount": 925,
    "promptTokensDetails": [
      {
        "modality": "TEXT",
        "tokenCount": 1
      }
    ],
    "thoughtsTokenCount": 901
  },
  "modelVersion": "gemini-2.5-flash",
  "responseId": "V0qyafzgDLLVjuMP9oOC2Qw"
}
